// Jest Snapshot v1, https://goo.gl/fbAQLP

exports[`DetoxRuntimeError should format its fields to a single message if needed 1`] = `
Object {
  "empty object": "DetoxRuntimeError: ",
  "message with debug info": "DetoxRuntimeError: message

debugInfo",
  "message with hint": "DetoxRuntimeError: message

HINT: hint",
  "message with hint and debug info": "DetoxRuntimeError: message

HINT: hint

debugInfo",
  "no args": "DetoxRuntimeError: ",
  "only message": "DetoxRuntimeError: message",
  "toString": "DetoxRuntimeError: message

HINT: hint

debugInfo",
}
`;
